******************************************************************************
                  MSP430 Linker PC v4.1.2                      
******************************************************************************
>> Linked Tue Jul 09 15:18:56 2013

OUTPUT FILE NAME:   <HelloWorld.out>
ENTRY POINT SYMBOL: "INIT"  address: 0000c000


MEMORY CONFIGURATION

         name            origin    length      used     unused   attr    fill
----------------------  --------  ---------  --------  --------  ----  --------
  SFR                   00000000   00000010  00000000  00000010  RWIX
  PERIPHERALS_8BIT      00000010   000000f0  00000000  000000f0  RWIX
  PERIPHERALS_16BIT     00000100   00000100  00000000  00000100  RWIX
  RAM                   00000200   00000200  0000000d  000001f3  RWIX
  INFOD                 00001000   00000040  00000000  00000040  RWIX
  INFOC                 00001040   00000040  00000000  00000040  RWIX
  INFOB                 00001080   00000040  00000000  00000040  RWIX
  INFOA                 000010c0   00000040  00000000  00000040  RWIX
  FLASH                 0000c000   00003fe0  000011a8  00002e38  RWIX
  INT00                 0000ffe0   00000002  00000000  00000002  RWIX
  INT01                 0000ffe2   00000002  00000000  00000002  RWIX
  INT02                 0000ffe4   00000002  00000002  00000000  RWIX
  INT03                 0000ffe6   00000002  00000000  00000002  RWIX
  INT04                 0000ffe8   00000002  00000000  00000002  RWIX
  INT05                 0000ffea   00000002  00000000  00000002  RWIX
  INT06                 0000ffec   00000002  00000000  00000002  RWIX
  INT07                 0000ffee   00000002  00000000  00000002  RWIX
  INT08                 0000fff0   00000002  00000000  00000002  RWIX
  INT09                 0000fff2   00000002  00000002  00000000  RWIX
  INT10                 0000fff4   00000002  00000000  00000002  RWIX
  INT11                 0000fff6   00000002  00000000  00000002  RWIX
  INT12                 0000fff8   00000002  00000000  00000002  RWIX
  INT13                 0000fffa   00000002  00000000  00000002  RWIX
  INT14                 0000fffc   00000002  00000000  00000002  RWIX
  RESET                 0000fffe   00000002  00000002  00000000  RWIX


SECTION ALLOCATION MAP

 output                                  attributes/
section   page    origin      length       input sections
--------  ----  ----------  ----------   ----------------
.cinit     0    0000c000    00000000     UNINITIALIZED

.init_array 
*          0    0000c000    00000000     UNINITIALIZED

.data      0    00000200    0000000a     
                  00000200    0000000a     main.obj (.data)

.TI.persistent 
*          0    00000200    00000000     UNINITIALIZED

.bss       0    0000020a    00000003     UNINITIALIZED
                  0000020a    00000002     pff.obj (.bss)
                  0000020c    00000001     mmcbb.obj (.bss)

.TI.noinit 
*          0    0000020a    00000000     UNINITIALIZED

.stack     0    00000400    00000000     

.text      0    0000c000    00001110     
                  0000c000    000002ae     main.obj (.text)
                  0000c2ae    0000024a     pff.obj (.text:pf_mount)
                  0000c4f8    00000136     mmcbb.obj (.text:disk_initialize)
                  0000c62e    00000124     pff.obj (.text:pf_read)
                  0000c752    000000cc     pff.obj (.text:get_fat)
                  0000c81e    000000b2     pff.obj (.text:follow_path)
                  0000c8d0    000000ae     pff.obj (.text:pf_open)
                  0000c97e    000000a4     pff.obj (.text:dir_next)
                  0000ca22    0000009e     CHandler.obj (.text:main)
                  0000cac0    0000009a     mmcbb.obj (.text:send_cmd)
                  0000cb5a    00000096     pff.obj (.text:check_fs)
                  0000cbf0    00000096     mmcbb.obj (.text:disk_readp)
                  0000cc86    00000092     pff.obj (.text:create_name)
                  0000cd18    0000007e     CHandler.obj (.text:die)
                  0000cd96    0000007a     pff.obj (.text:dir_find)
                  0000ce10    00000072     pff.obj (.text:dir_rewind)
                  0000ce82    0000005c     rts430_eabi.lib : lsr32.obj (.text:l_lsr_const)
                  0000cede    00000058                     : div32u.obj (.text)
                  0000cf36    0000004c                     : lsr16.obj (.text)
                  0000cf82    00000040     pff.obj (.text:clust2sect)
                  0000cfc2    0000003e     rts430_eabi.lib : lsl32.obj (.text:l_lsl_const)
                  0000d000    0000002c                     : lsl16.obj (.text)
                  0000d02c    00000026                     : mult32.obj (.text)
                  0000d052    00000018     CHandler.obj (.text:delay_us)
                  0000d06a    00000016     delay.obj (.text:delay_ten_us)
                  0000d080    00000014     USCI.obj (.text:USCI_printString)
                  0000d094    00000014     pff.obj (.text:mem_cmp)
                  0000d0a8    00000012     mmcbb.obj (.text:skip_mmc)
                  0000d0ba    00000010     USCI.obj (.text:USCI_B_spiXmit)
                  0000d0ca    00000010     pff.obj (.text:mem_set)
                  0000d0da    00000010     rts430_eabi.lib : epilog.obj (.text)
                  0000d0ea    0000000c     USCI.obj (.text:USCI_A_uartSend)
                  0000d0f6    0000000c     mmcbb.obj (.text:release_spi)
                  0000d102    00000008     mmcbb.obj (.text:rcvr_mmc)
                  0000d10a    00000006     mmcbb.obj (.text:xmit_mmc)

.const     0    0000d110    00000098     
                  0000d110    00000098     CHandler.obj (.const:.string)

PORT1      0    0000ffe4    00000002     
                  0000ffe4    00000002     main.obj (.int02)

TIMER0_A0 
*          0    0000fff2    00000002     
                  0000fff2    00000002     main.obj (.int09)

.reset     0    0000fffe    00000002     
                  0000fffe    00000002     main.obj (.reset)


GLOBAL SYMBOLS: SORTED ALPHABETICALLY BY Name 

address    name
--------   ----
0000004a   ADC10AE0
000001b0   ADC10CTL0
000001b2   ADC10CTL1
00000048   ADC10DTC0
00000049   ADC10DTC1
000001b4   ADC10MEM
000001bc   ADC10SA
00000057   BCSCTL1
00000058   BCSCTL2
00000053   BCSCTL3
00000059   CACTL1
0000005a   CACTL2
000010fb   CALBC1_12MHZ
000010f9   CALBC1_16MHZ
000010ff   CALBC1_1MHZ
000010fd   CALBC1_8MHZ
000010fa   CALDCO_12MHZ
000010f8   CALDCO_16MHZ
000010fe   CALDCO_1MHZ
000010fc   CALDCO_8MHZ
0000005b   CAPD
00000056   DCOCTL
00000128   FCTL1
0000012a   FCTL2
0000012c   FCTL3
00000006   GREEN_LED
00000000   IE1
00000001   IE2
00000002   IFG1
00000003   IFG2
0000c000   INIT
00000202   MICRO_SECONDS
00000204   MILLI_SECONDS
00000022   P1DIR
00000025   P1IE
00000024   P1IES
00000023   P1IFG
00000020   P1IN
00000021   P1OUT
00000027   P1REN
00000026   P1SEL
00000041   P1SEL2
0000002a   P2DIR
0000002d   P2IE
0000002c   P2IES
0000002b   P2IFG
00000028   P2IN
00000029   P2OUT
0000002f   P2REN
0000002e   P2SEL
00000042   P2SEL2
0000001a   P3DIR
00000018   P3IN
00000019   P3OUT
00000010   P3REN
0000001b   P3SEL
00000043   P3SEL2
00000000   RED_LED
00000200   SECONDS
00000172   TA0CCR0
00000174   TA0CCR1
00000176   TA0CCR2
00000162   TA0CCTL0
00000164   TA0CCTL1
00000166   TA0CCTL2
00000160   TA0CTL
0000012e   TA0IV
00000170   TA0R
00000192   TA1CCR0
00000194   TA1CCR1
00000196   TA1CCR2
00000182   TA1CCTL0
00000184   TA1CCTL1
00000186   TA1CCTL2
00000180   TA1CTL
0000011e   TA1IV
00000190   TA1R
0000005d   UCA0ABCTL
00000062   UCA0BR0
00000063   UCA0BR1
00000060   UCA0CTL0
00000061   UCA0CTL1
0000005f   UCA0IRRCTL
0000005e   UCA0IRTCTL
00000064   UCA0MCTL
00000066   UCA0RXBUF
00000065   UCA0STAT
00000067   UCA0TXBUF
0000006a   UCB0BR0
0000006b   UCB0BR1
00000068   UCB0CTL0
00000069   UCB0CTL1
0000006c   UCB0I2CIE
00000118   UCB0I2COA
0000011a   UCB0I2CSA
0000006e   UCB0RXBUF
0000006d   UCB0STAT
0000006f   UCB0TXBUF
0000d0ea   USCI_A_uartSend
0000d0ba   USCI_B_spiXmit
00000208   USCI_data
0000d080   USCI_printString
00000120   WDTCTL
00000400   __STACK_END
00000000   __STACK_SIZE
ffffffff   __binit__
ffffffff   __c_args__
0000cede   __mspabi_divul
0000d0e6   __mspabi_func_epilog_1
0000d0e4   __mspabi_func_epilog_2
0000d0e2   __mspabi_func_epilog_3
0000d0e0   __mspabi_func_epilog_4
0000d0de   __mspabi_func_epilog_5
0000d0dc   __mspabi_func_epilog_6
0000d0da   __mspabi_func_epilog_7
0000d02c   __mspabi_mpyl
0000cede   __mspabi_remul
0000d000   __mspabi_slli
0000d028   __mspabi_slli_1
0000d016   __mspabi_slli_10
0000d014   __mspabi_slli_11
0000d012   __mspabi_slli_12
0000d010   __mspabi_slli_13
0000d00e   __mspabi_slli_14
0000d00c   __mspabi_slli_15
0000d026   __mspabi_slli_2
0000d024   __mspabi_slli_3
0000d022   __mspabi_slli_4
0000d020   __mspabi_slli_5
0000d01e   __mspabi_slli_6
0000d01c   __mspabi_slli_7
0000d01a   __mspabi_slli_8
0000d018   __mspabi_slli_9
0000cffa   __mspabi_slll_1
0000cfd6   __mspabi_slll_10
0000cfd2   __mspabi_slll_11
0000cfce   __mspabi_slll_12
0000cfca   __mspabi_slll_13
0000cfc6   __mspabi_slll_14
0000cfc2   __mspabi_slll_15
0000cff6   __mspabi_slll_2
0000cff2   __mspabi_slll_3
0000cfee   __mspabi_slll_4
0000cfea   __mspabi_slll_5
0000cfe6   __mspabi_slll_6
0000cfe2   __mspabi_slll_7
0000cfde   __mspabi_slll_8
0000cfda   __mspabi_slll_9
0000cf36   __mspabi_srli
0000cf7c   __mspabi_srli_1
0000cf58   __mspabi_srli_10
0000cf54   __mspabi_srli_11
0000cf50   __mspabi_srli_12
0000cf4c   __mspabi_srli_13
0000cf48   __mspabi_srli_14
0000cf44   __mspabi_srli_15
0000cf78   __mspabi_srli_2
0000cf74   __mspabi_srli_3
0000cf70   __mspabi_srli_4
0000cf6c   __mspabi_srli_5
0000cf68   __mspabi_srli_6
0000cf64   __mspabi_srli_7
0000cf60   __mspabi_srli_8
0000cf5c   __mspabi_srli_9
0000ced6   __mspabi_srll_1
0000cea0   __mspabi_srll_10
0000ce9a   __mspabi_srll_11
0000ce94   __mspabi_srll_12
0000ce8e   __mspabi_srll_13
0000ce88   __mspabi_srll_14
0000ce82   __mspabi_srll_15
0000ced0   __mspabi_srll_2
0000ceca   __mspabi_srll_3
0000cec4   __mspabi_srll_4
0000cebe   __mspabi_srll_5
0000ceb8   __mspabi_srll_6
0000ceb2   __mspabi_srll_7
0000ceac   __mspabi_srll_8
0000cea6   __mspabi_srll_9
ffffffff   binit
0000d06a   delay_ten_us
0000d052   delay_us
0000cd18   die
0000c4f8   disk_initialize
0000cbf0   disk_readp
0000ca22   main
0000c2ae   pf_mount
0000c8d0   pf_open
0000c62e   pf_read


GLOBAL SYMBOLS: SORTED BY Symbol Address 

address    name
--------   ----
00000000   IE1
00000000   RED_LED
00000000   __STACK_SIZE
00000001   IE2
00000002   IFG1
00000003   IFG2
00000006   GREEN_LED
00000010   P3REN
00000018   P3IN
00000019   P3OUT
0000001a   P3DIR
0000001b   P3SEL
00000020   P1IN
00000021   P1OUT
00000022   P1DIR
00000023   P1IFG
00000024   P1IES
00000025   P1IE
00000026   P1SEL
00000027   P1REN
00000028   P2IN
00000029   P2OUT
0000002a   P2DIR
0000002b   P2IFG
0000002c   P2IES
0000002d   P2IE
0000002e   P2SEL
0000002f   P2REN
00000041   P1SEL2
00000042   P2SEL2
00000043   P3SEL2
00000048   ADC10DTC0
00000049   ADC10DTC1
0000004a   ADC10AE0
00000053   BCSCTL3
00000056   DCOCTL
00000057   BCSCTL1
00000058   BCSCTL2
00000059   CACTL1
0000005a   CACTL2
0000005b   CAPD
0000005d   UCA0ABCTL
0000005e   UCA0IRTCTL
0000005f   UCA0IRRCTL
00000060   UCA0CTL0
00000061   UCA0CTL1
00000062   UCA0BR0
00000063   UCA0BR1
00000064   UCA0MCTL
00000065   UCA0STAT
00000066   UCA0RXBUF
00000067   UCA0TXBUF
00000068   UCB0CTL0
00000069   UCB0CTL1
0000006a   UCB0BR0
0000006b   UCB0BR1
0000006c   UCB0I2CIE
0000006d   UCB0STAT
0000006e   UCB0RXBUF
0000006f   UCB0TXBUF
00000118   UCB0I2COA
0000011a   UCB0I2CSA
0000011e   TA1IV
00000120   WDTCTL
00000128   FCTL1
0000012a   FCTL2
0000012c   FCTL3
0000012e   TA0IV
00000160   TA0CTL
00000162   TA0CCTL0
00000164   TA0CCTL1
00000166   TA0CCTL2
00000170   TA0R
00000172   TA0CCR0
00000174   TA0CCR1
00000176   TA0CCR2
00000180   TA1CTL
00000182   TA1CCTL0
00000184   TA1CCTL1
00000186   TA1CCTL2
00000190   TA1R
00000192   TA1CCR0
00000194   TA1CCR1
00000196   TA1CCR2
000001b0   ADC10CTL0
000001b2   ADC10CTL1
000001b4   ADC10MEM
000001bc   ADC10SA
00000200   SECONDS
00000202   MICRO_SECONDS
00000204   MILLI_SECONDS
00000208   USCI_data
00000400   __STACK_END
000010f8   CALDCO_16MHZ
000010f9   CALBC1_16MHZ
000010fa   CALDCO_12MHZ
000010fb   CALBC1_12MHZ
000010fc   CALDCO_8MHZ
000010fd   CALBC1_8MHZ
000010fe   CALDCO_1MHZ
000010ff   CALBC1_1MHZ
0000c000   INIT
0000c2ae   pf_mount
0000c4f8   disk_initialize
0000c62e   pf_read
0000c8d0   pf_open
0000ca22   main
0000cbf0   disk_readp
0000cd18   die
0000ce82   __mspabi_srll_15
0000ce88   __mspabi_srll_14
0000ce8e   __mspabi_srll_13
0000ce94   __mspabi_srll_12
0000ce9a   __mspabi_srll_11
0000cea0   __mspabi_srll_10
0000cea6   __mspabi_srll_9
0000ceac   __mspabi_srll_8
0000ceb2   __mspabi_srll_7
0000ceb8   __mspabi_srll_6
0000cebe   __mspabi_srll_5
0000cec4   __mspabi_srll_4
0000ceca   __mspabi_srll_3
0000ced0   __mspabi_srll_2
0000ced6   __mspabi_srll_1
0000cede   __mspabi_divul
0000cede   __mspabi_remul
0000cf36   __mspabi_srli
0000cf44   __mspabi_srli_15
0000cf48   __mspabi_srli_14
0000cf4c   __mspabi_srli_13
0000cf50   __mspabi_srli_12
0000cf54   __mspabi_srli_11
0000cf58   __mspabi_srli_10
0000cf5c   __mspabi_srli_9
0000cf60   __mspabi_srli_8
0000cf64   __mspabi_srli_7
0000cf68   __mspabi_srli_6
0000cf6c   __mspabi_srli_5
0000cf70   __mspabi_srli_4
0000cf74   __mspabi_srli_3
0000cf78   __mspabi_srli_2
0000cf7c   __mspabi_srli_1
0000cfc2   __mspabi_slll_15
0000cfc6   __mspabi_slll_14
0000cfca   __mspabi_slll_13
0000cfce   __mspabi_slll_12
0000cfd2   __mspabi_slll_11
0000cfd6   __mspabi_slll_10
0000cfda   __mspabi_slll_9
0000cfde   __mspabi_slll_8
0000cfe2   __mspabi_slll_7
0000cfe6   __mspabi_slll_6
0000cfea   __mspabi_slll_5
0000cfee   __mspabi_slll_4
0000cff2   __mspabi_slll_3
0000cff6   __mspabi_slll_2
0000cffa   __mspabi_slll_1
0000d000   __mspabi_slli
0000d00c   __mspabi_slli_15
0000d00e   __mspabi_slli_14
0000d010   __mspabi_slli_13
0000d012   __mspabi_slli_12
0000d014   __mspabi_slli_11
0000d016   __mspabi_slli_10
0000d018   __mspabi_slli_9
0000d01a   __mspabi_slli_8
0000d01c   __mspabi_slli_7
0000d01e   __mspabi_slli_6
0000d020   __mspabi_slli_5
0000d022   __mspabi_slli_4
0000d024   __mspabi_slli_3
0000d026   __mspabi_slli_2
0000d028   __mspabi_slli_1
0000d02c   __mspabi_mpyl
0000d052   delay_us
0000d06a   delay_ten_us
0000d080   USCI_printString
0000d0ba   USCI_B_spiXmit
0000d0da   __mspabi_func_epilog_7
0000d0dc   __mspabi_func_epilog_6
0000d0de   __mspabi_func_epilog_5
0000d0e0   __mspabi_func_epilog_4
0000d0e2   __mspabi_func_epilog_3
0000d0e4   __mspabi_func_epilog_2
0000d0e6   __mspabi_func_epilog_1
0000d0ea   USCI_A_uartSend
ffffffff   __binit__
ffffffff   __c_args__
ffffffff   binit

[189 symbols]
