******************************************************************************
                  MSP430 Linker PC v4.1.2                      
******************************************************************************
>> Linked Wed Jul 17 19:26:44 2013

OUTPUT FILE NAME:   <TV-B-Gone-CircularBuffer2.out>
ENTRY POINT SYMBOL: "INIT"  address: 0000c000


MEMORY CONFIGURATION

         name            origin    length      used     unused   attr    fill
----------------------  --------  ---------  --------  --------  ----  --------
  SFR                   00000000   00000010  00000000  00000010  RWIX
  PERIPHERALS_8BIT      00000010   000000f0  00000000  000000f0  RWIX
  PERIPHERALS_16BIT     00000100   00000100  00000000  00000100  RWIX
  RAM                   00000200   00000200  0000010c  000000f4  RWIX
  INFOD                 00001000   00000040  00000000  00000040  RWIX
  INFOC                 00001040   00000040  00000000  00000040  RWIX
  INFOB                 00001080   00000040  00000000  00000040  RWIX
  INFOA                 000010c0   00000040  00000000  00000040  RWIX
  FLASH                 0000c000   00003fe0  00001390  00002c50  RWIX
  INT00                 0000ffe0   00000002  00000000  00000002  RWIX
  INT01                 0000ffe2   00000002  00000000  00000002  RWIX
  INT02                 0000ffe4   00000002  00000002  00000000  RWIX
  INT03                 0000ffe6   00000002  00000000  00000002  RWIX
  INT04                 0000ffe8   00000002  00000000  00000002  RWIX
  INT05                 0000ffea   00000002  00000000  00000002  RWIX
  INT06                 0000ffec   00000002  00000000  00000002  RWIX
  INT07                 0000ffee   00000002  00000000  00000002  RWIX
  INT08                 0000fff0   00000002  00000000  00000002  RWIX
  INT09                 0000fff2   00000002  00000002  00000000  RWIX
  INT10                 0000fff4   00000002  00000000  00000002  RWIX
  INT11                 0000fff6   00000002  00000000  00000002  RWIX
  INT12                 0000fff8   00000002  00000000  00000002  RWIX
  INT13                 0000fffa   00000002  00000000  00000002  RWIX
  INT14                 0000fffc   00000002  00000000  00000002  RWIX
  RESET                 0000fffe   00000002  00000002  00000000  RWIX


SECTION ALLOCATION MAP

 output                                  attributes/
section   page    origin      length       input sections
--------  ----  ----------  ----------   ----------------
.cinit     0    0000c000    00000000     UNINITIALIZED

.init_array 
*          0    0000c000    00000000     UNINITIALIZED

.bss       0    00000200    000000fc     UNINITIALIZED
                  00000200    000000f9     CircularBuffer.obj (.bss)
                  000002f9    00000001     mmcbb.obj (.bss)
                  000002fa    00000002     pff.obj (.bss)

.TI.noinit 
*          0    00000200    00000000     UNINITIALIZED

.data      0    000002fc    00000010     
                  000002fc    0000000c     TimerA.obj (.data)
                  00000308    00000004     main.obj (.data)

.TI.persistent 
*          0    000002fc    00000000     UNINITIALIZED

.stack     0    00000400    00000000     

.text      0    0000c000    00001308     
                  0000c000    0000029e     main.obj (.text)
                  0000c29e    0000024a     pff.obj (.text:pf_mount)
                  0000c4e8    00000136     mmcbb.obj (.text:disk_initialize)
                  0000c61e    00000124     pff.obj (.text:pf_read)
                  0000c742    000000cc     pff.obj (.text:get_fat)
                  0000c80e    000000b2     pff.obj (.text:follow_path)
                  0000c8c0    000000ae     pff.obj (.text:pf_open)
                  0000c96e    000000aa     CHandler.obj (.text:main)
                  0000ca18    000000a4     pff.obj (.text:dir_next)
                  0000cabc    0000009a     mmcbb.obj (.text:send_cmd)
                  0000cb56    00000096     pff.obj (.text:check_fs)
                  0000cbec    00000096     mmcbb.obj (.text:disk_readp)
                  0000cc82    00000092     pff.obj (.text:create_name)
                  0000cd14    0000008a     CircularBuffer.obj (.text:CircularBuffer_init)
                  0000cd9e    0000007a     pff.obj (.text:dir_find)
                  0000ce18    00000072     pff.obj (.text:dir_rewind)
                  0000ce8a    0000006c     TimerA.obj (.text:TimerA_isrCompare)
                  0000cef6    0000006a     CircularBuffer.obj (.text:die)
                  0000cf60    00000068     CircularBuffer.obj (.text:CircularBuffer_getWord)
                  0000cfc8    0000005c     rts430_eabi.lib : lsr32.obj (.text:l_lsr_const)
                  0000d024    00000058                     : div32u.obj (.text)
                  0000d07c    0000004c                     : lsr16.obj (.text)
                  0000d0c8    00000044     CircularBuffer.obj (.text:CircularBuffer_task)
                  0000d10c    00000040     pff.obj (.text:clust2sect)
                  0000d14c    0000003e     rts430_eabi.lib : lsl32.obj (.text:l_lsl_const)
                  0000d18a    00000038     USCI.obj (.text:printInt)
                  0000d1c2    0000002c     rts430_eabi.lib : asr16.obj (.text)
                  0000d1ee    0000002c                     : lsl16.obj (.text)
                  0000d21a    00000026     USCI.obj (.text:printNibble)
                  0000d240    00000026     rts430_eabi.lib : mult32.obj (.text)
                  0000d266    00000014     USCI.obj (.text:USCI_printString)
                  0000d27a    00000014     pff.obj (.text:mem_cmp)
                  0000d28e    00000012     mmcbb.obj (.text:skip_mmc)
                  0000d2a0    00000010     USCI.obj (.text:USCI_B_spiXmit)
                  0000d2b0    00000010     pff.obj (.text:mem_set)
                  0000d2c0    00000010     rts430_eabi.lib : epilog.obj (.text)
                  0000d2d0    0000000c     USCI.obj (.text:USCI_A_uartSend)
                  0000d2dc    0000000c     delay.obj (.text:delay_us)
                  0000d2e8    0000000c     mmcbb.obj (.text:release_spi)
                  0000d2f4    00000008     mmcbb.obj (.text:rcvr_mmc)
                  0000d2fc    00000006     CircularBuffer.obj (.text:CircularBuffer_getWordsRemaining)
                  0000d302    00000006     mmcbb.obj (.text:xmit_mmc)

.const     0    0000d308    00000088     
                  0000d308    0000006c     CircularBuffer.obj (.const:.string)
                  0000d374    00000014     CHandler.obj (.const:.string)
                  0000d388    00000008     USCI.obj (.const:.string)

PORT1      0    0000ffe4    00000002     
                  0000ffe4    00000002     main.obj (.int02)

TIMER0_A0 
*          0    0000fff2    00000002     
                  0000fff2    00000002     TimerA.obj (.int09)

.reset     0    0000fffe    00000002     
                  0000fffe    00000002     main.obj (.reset)


GLOBAL SYMBOLS: SORTED ALPHABETICALLY BY Name 

address    name
--------   ----
0000004a   ADC10AE0
000001b0   ADC10CTL0
000001b2   ADC10CTL1
00000048   ADC10DTC0
00000049   ADC10DTC1
000001b4   ADC10MEM
000001bc   ADC10SA
00000057   BCSCTL1
00000058   BCSCTL2
00000053   BCSCTL3
00000059   CACTL1
0000005a   CACTL2
000010fb   CALBC1_12MHZ
000010f9   CALBC1_16MHZ
000010ff   CALBC1_1MHZ
000010fd   CALBC1_8MHZ
000010fa   CALDCO_12MHZ
000010f8   CALDCO_16MHZ
000010fe   CALDCO_1MHZ
000010fc   CALDCO_8MHZ
0000005b   CAPD
0000cf60   CircularBuffer_getWord
0000d2fc   CircularBuffer_getWordsRemaining
0000cd14   CircularBuffer_init
0000d0c8   CircularBuffer_task
00000056   DCOCTL
00000128   FCTL1
0000012a   FCTL2
0000012c   FCTL3
00000006   GREEN_LED
00000000   IE1
00000001   IE2
00000002   IFG1
00000003   IFG2
0000c000   INIT
00000022   P1DIR
00000025   P1IE
00000024   P1IES
00000023   P1IFG
00000020   P1IN
00000021   P1OUT
00000027   P1REN
00000026   P1SEL
00000041   P1SEL2
0000002a   P2DIR
0000002d   P2IE
0000002c   P2IES
0000002b   P2IFG
00000028   P2IN
00000029   P2OUT
0000002f   P2REN
0000002e   P2SEL
00000042   P2SEL2
0000001a   P3DIR
00000018   P3IN
00000019   P3OUT
00000010   P3REN
0000001b   P3SEL
00000043   P3SEL2
00000000   RED_LED
00000172   TA0CCR0
00000174   TA0CCR1
00000176   TA0CCR2
00000162   TA0CCTL0
00000164   TA0CCTL1
00000166   TA0CCTL2
00000160   TA0CTL
0000012e   TA0IV
00000170   TA0R
00000192   TA1CCR0
00000194   TA1CCR1
00000196   TA1CCR2
00000182   TA1CCTL0
00000184   TA1CCTL1
00000186   TA1CCTL2
00000180   TA1CTL
0000011e   TA1IV
00000190   TA1R
000002fc   TimerA_codesToSend
0000ce8a   TimerA_isrCompare
00000306   TimerA_state
00000300   TimerA_tvFrequency
00000304   TimerA_usOffTime
00000302   TimerA_usOnTime
000002fe   TimerA_waits
0000005d   UCA0ABCTL
00000062   UCA0BR0
00000063   UCA0BR1
00000060   UCA0CTL0
00000061   UCA0CTL1
0000005f   UCA0IRRCTL
0000005e   UCA0IRTCTL
00000064   UCA0MCTL
00000066   UCA0RXBUF
00000065   UCA0STAT
00000067   UCA0TXBUF
0000006a   UCB0BR0
0000006b   UCB0BR1
00000068   UCB0CTL0
00000069   UCB0CTL1
0000006c   UCB0I2CIE
00000118   UCB0I2COA
0000011a   UCB0I2CSA
0000006e   UCB0RXBUF
0000006d   UCB0STAT
0000006f   UCB0TXBUF
0000d2d0   USCI_A_uartSend
0000d2a0   USCI_B_spiXmit
0000030a   USCI_data
0000d266   USCI_printString
00000120   WDTCTL
00000400   __STACK_END
00000000   __STACK_SIZE
ffffffff   __binit__
ffffffff   __c_args__
0000d024   __mspabi_divul
0000d2cc   __mspabi_func_epilog_1
0000d2ca   __mspabi_func_epilog_2
0000d2c8   __mspabi_func_epilog_3
0000d2c6   __mspabi_func_epilog_4
0000d2c4   __mspabi_func_epilog_5
0000d2c2   __mspabi_func_epilog_6
0000d2c0   __mspabi_func_epilog_7
0000d240   __mspabi_mpyl
0000d024   __mspabi_remul
0000d1ee   __mspabi_slli
0000d216   __mspabi_slli_1
0000d204   __mspabi_slli_10
0000d202   __mspabi_slli_11
0000d200   __mspabi_slli_12
0000d1fe   __mspabi_slli_13
0000d1fc   __mspabi_slli_14
0000d1fa   __mspabi_slli_15
0000d214   __mspabi_slli_2
0000d212   __mspabi_slli_3
0000d210   __mspabi_slli_4
0000d20e   __mspabi_slli_5
0000d20c   __mspabi_slli_6
0000d20a   __mspabi_slli_7
0000d208   __mspabi_slli_8
0000d206   __mspabi_slli_9
0000d184   __mspabi_slll_1
0000d160   __mspabi_slll_10
0000d15c   __mspabi_slll_11
0000d158   __mspabi_slll_12
0000d154   __mspabi_slll_13
0000d150   __mspabi_slll_14
0000d14c   __mspabi_slll_15
0000d180   __mspabi_slll_2
0000d17c   __mspabi_slll_3
0000d178   __mspabi_slll_4
0000d174   __mspabi_slll_5
0000d170   __mspabi_slll_6
0000d16c   __mspabi_slll_7
0000d168   __mspabi_slll_8
0000d164   __mspabi_slll_9
0000d1c2   __mspabi_srai
0000d1ea   __mspabi_srai_1
0000d1d8   __mspabi_srai_10
0000d1d6   __mspabi_srai_11
0000d1d4   __mspabi_srai_12
0000d1d2   __mspabi_srai_13
0000d1d0   __mspabi_srai_14
0000d1ce   __mspabi_srai_15
0000d1e8   __mspabi_srai_2
0000d1e6   __mspabi_srai_3
0000d1e4   __mspabi_srai_4
0000d1e2   __mspabi_srai_5
0000d1e0   __mspabi_srai_6
0000d1de   __mspabi_srai_7
0000d1dc   __mspabi_srai_8
0000d1da   __mspabi_srai_9
0000d07c   __mspabi_srli
0000d0c2   __mspabi_srli_1
0000d09e   __mspabi_srli_10
0000d09a   __mspabi_srli_11
0000d096   __mspabi_srli_12
0000d092   __mspabi_srli_13
0000d08e   __mspabi_srli_14
0000d08a   __mspabi_srli_15
0000d0be   __mspabi_srli_2
0000d0ba   __mspabi_srli_3
0000d0b6   __mspabi_srli_4
0000d0b2   __mspabi_srli_5
0000d0ae   __mspabi_srli_6
0000d0aa   __mspabi_srli_7
0000d0a6   __mspabi_srli_8
0000d0a2   __mspabi_srli_9
0000d01c   __mspabi_srll_1
0000cfe6   __mspabi_srll_10
0000cfe0   __mspabi_srll_11
0000cfda   __mspabi_srll_12
0000cfd4   __mspabi_srll_13
0000cfce   __mspabi_srll_14
0000cfc8   __mspabi_srll_15
0000d016   __mspabi_srll_2
0000d010   __mspabi_srll_3
0000d00a   __mspabi_srll_4
0000d004   __mspabi_srll_5
0000cffe   __mspabi_srll_6
0000cff8   __mspabi_srll_7
0000cff2   __mspabi_srll_8
0000cfec   __mspabi_srll_9
ffffffff   binit
00000200   buf0
00000278   buf1
0000d2dc   delay_us
000002f2   dequeued
0000cef6   die
0000c4e8   disk_initialize
0000cbec   disk_readp
0000c96e   main
000002f4   offset
00000307   onOffState
0000c29e   pf_mount
0000c8c0   pf_open
0000c61e   pf_read
0000d18a   printInt
0000d21a   printNibble
000002f0   queued
000002f8   state
000002f6   wordsAvailable


GLOBAL SYMBOLS: SORTED BY Symbol Address 

address    name
--------   ----
00000000   IE1
00000000   RED_LED
00000000   __STACK_SIZE
00000001   IE2
00000002   IFG1
00000003   IFG2
00000006   GREEN_LED
00000010   P3REN
00000018   P3IN
00000019   P3OUT
0000001a   P3DIR
0000001b   P3SEL
00000020   P1IN
00000021   P1OUT
00000022   P1DIR
00000023   P1IFG
00000024   P1IES
00000025   P1IE
00000026   P1SEL
00000027   P1REN
00000028   P2IN
00000029   P2OUT
0000002a   P2DIR
0000002b   P2IFG
0000002c   P2IES
0000002d   P2IE
0000002e   P2SEL
0000002f   P2REN
00000041   P1SEL2
00000042   P2SEL2
00000043   P3SEL2
00000048   ADC10DTC0
00000049   ADC10DTC1
0000004a   ADC10AE0
00000053   BCSCTL3
00000056   DCOCTL
00000057   BCSCTL1
00000058   BCSCTL2
00000059   CACTL1
0000005a   CACTL2
0000005b   CAPD
0000005d   UCA0ABCTL
0000005e   UCA0IRTCTL
0000005f   UCA0IRRCTL
00000060   UCA0CTL0
00000061   UCA0CTL1
00000062   UCA0BR0
00000063   UCA0BR1
00000064   UCA0MCTL
00000065   UCA0STAT
00000066   UCA0RXBUF
00000067   UCA0TXBUF
00000068   UCB0CTL0
00000069   UCB0CTL1
0000006a   UCB0BR0
0000006b   UCB0BR1
0000006c   UCB0I2CIE
0000006d   UCB0STAT
0000006e   UCB0RXBUF
0000006f   UCB0TXBUF
00000118   UCB0I2COA
0000011a   UCB0I2CSA
0000011e   TA1IV
00000120   WDTCTL
00000128   FCTL1
0000012a   FCTL2
0000012c   FCTL3
0000012e   TA0IV
00000160   TA0CTL
00000162   TA0CCTL0
00000164   TA0CCTL1
00000166   TA0CCTL2
00000170   TA0R
00000172   TA0CCR0
00000174   TA0CCR1
00000176   TA0CCR2
00000180   TA1CTL
00000182   TA1CCTL0
00000184   TA1CCTL1
00000186   TA1CCTL2
00000190   TA1R
00000192   TA1CCR0
00000194   TA1CCR1
00000196   TA1CCR2
000001b0   ADC10CTL0
000001b2   ADC10CTL1
000001b4   ADC10MEM
000001bc   ADC10SA
00000200   buf0
00000278   buf1
000002f0   queued
000002f2   dequeued
000002f4   offset
000002f6   wordsAvailable
000002f8   state
000002fc   TimerA_codesToSend
000002fe   TimerA_waits
00000300   TimerA_tvFrequency
00000302   TimerA_usOnTime
00000304   TimerA_usOffTime
00000306   TimerA_state
00000307   onOffState
0000030a   USCI_data
00000400   __STACK_END
000010f8   CALDCO_16MHZ
000010f9   CALBC1_16MHZ
000010fa   CALDCO_12MHZ
000010fb   CALBC1_12MHZ
000010fc   CALDCO_8MHZ
000010fd   CALBC1_8MHZ
000010fe   CALDCO_1MHZ
000010ff   CALBC1_1MHZ
0000c000   INIT
0000c29e   pf_mount
0000c4e8   disk_initialize
0000c61e   pf_read
0000c8c0   pf_open
0000c96e   main
0000cbec   disk_readp
0000cd14   CircularBuffer_init
0000ce8a   TimerA_isrCompare
0000cef6   die
0000cf60   CircularBuffer_getWord
0000cfc8   __mspabi_srll_15
0000cfce   __mspabi_srll_14
0000cfd4   __mspabi_srll_13
0000cfda   __mspabi_srll_12
0000cfe0   __mspabi_srll_11
0000cfe6   __mspabi_srll_10
0000cfec   __mspabi_srll_9
0000cff2   __mspabi_srll_8
0000cff8   __mspabi_srll_7
0000cffe   __mspabi_srll_6
0000d004   __mspabi_srll_5
0000d00a   __mspabi_srll_4
0000d010   __mspabi_srll_3
0000d016   __mspabi_srll_2
0000d01c   __mspabi_srll_1
0000d024   __mspabi_divul
0000d024   __mspabi_remul
0000d07c   __mspabi_srli
0000d08a   __mspabi_srli_15
0000d08e   __mspabi_srli_14
0000d092   __mspabi_srli_13
0000d096   __mspabi_srli_12
0000d09a   __mspabi_srli_11
0000d09e   __mspabi_srli_10
0000d0a2   __mspabi_srli_9
0000d0a6   __mspabi_srli_8
0000d0aa   __mspabi_srli_7
0000d0ae   __mspabi_srli_6
0000d0b2   __mspabi_srli_5
0000d0b6   __mspabi_srli_4
0000d0ba   __mspabi_srli_3
0000d0be   __mspabi_srli_2
0000d0c2   __mspabi_srli_1
0000d0c8   CircularBuffer_task
0000d14c   __mspabi_slll_15
0000d150   __mspabi_slll_14
0000d154   __mspabi_slll_13
0000d158   __mspabi_slll_12
0000d15c   __mspabi_slll_11
0000d160   __mspabi_slll_10
0000d164   __mspabi_slll_9
0000d168   __mspabi_slll_8
0000d16c   __mspabi_slll_7
0000d170   __mspabi_slll_6
0000d174   __mspabi_slll_5
0000d178   __mspabi_slll_4
0000d17c   __mspabi_slll_3
0000d180   __mspabi_slll_2
0000d184   __mspabi_slll_1
0000d18a   printInt
0000d1c2   __mspabi_srai
0000d1ce   __mspabi_srai_15
0000d1d0   __mspabi_srai_14
0000d1d2   __mspabi_srai_13
0000d1d4   __mspabi_srai_12
0000d1d6   __mspabi_srai_11
0000d1d8   __mspabi_srai_10
0000d1da   __mspabi_srai_9
0000d1dc   __mspabi_srai_8
0000d1de   __mspabi_srai_7
0000d1e0   __mspabi_srai_6
0000d1e2   __mspabi_srai_5
0000d1e4   __mspabi_srai_4
0000d1e6   __mspabi_srai_3
0000d1e8   __mspabi_srai_2
0000d1ea   __mspabi_srai_1
0000d1ee   __mspabi_slli
0000d1fa   __mspabi_slli_15
0000d1fc   __mspabi_slli_14
0000d1fe   __mspabi_slli_13
0000d200   __mspabi_slli_12
0000d202   __mspabi_slli_11
0000d204   __mspabi_slli_10
0000d206   __mspabi_slli_9
0000d208   __mspabi_slli_8
0000d20a   __mspabi_slli_7
0000d20c   __mspabi_slli_6
0000d20e   __mspabi_slli_5
0000d210   __mspabi_slli_4
0000d212   __mspabi_slli_3
0000d214   __mspabi_slli_2
0000d216   __mspabi_slli_1
0000d21a   printNibble
0000d240   __mspabi_mpyl
0000d266   USCI_printString
0000d2a0   USCI_B_spiXmit
0000d2c0   __mspabi_func_epilog_7
0000d2c2   __mspabi_func_epilog_6
0000d2c4   __mspabi_func_epilog_5
0000d2c6   __mspabi_func_epilog_4
0000d2c8   __mspabi_func_epilog_3
0000d2ca   __mspabi_func_epilog_2
0000d2cc   __mspabi_func_epilog_1
0000d2d0   USCI_A_uartSend
0000d2dc   delay_us
0000d2fc   CircularBuffer_getWordsRemaining
ffffffff   __binit__
ffffffff   __c_args__
ffffffff   binit

[222 symbols]
